// Jest Snapshot v1, https://goo.gl/fbAQLP

exports[`About component matches snapshot 1`] = `
<DocumentFragment>
  <section
    class="my-5"
  >
    <h1
      id="about"
    >
      Who am I?
    </h1>
    <img
      alt="cover"
      class="my-2"
      src="cover-image.jpg"
      style="width: 100%;"
    />
    <div
      class="my-2"
    >
      <p>
        I'm Miranda, a blossoming Full-stack developer from the beautiful Oregon Coast! I enjoy a wide variety of things, from web design to photography and hunting. My greatest achievements are my 3 children. I hope my portfolio will showcase my new talents as a web developer and give you a sneak peek at who I am! Enjoy my page!
      </p>
    </div>
  </section>
</DocumentFragment>
`;
